<?xml version="1.0" encoding="utf-8"?>
<TestRun id="4da6ebf5-ca4a-400c-87f1-bd9e2486db18" name="mwiemer@CPC-mwiem-JQR2A 2026-09-17 11:32:07" runUser="REDMOND\mwiemer" xmlns="http://microsoft.com/schemas/VisualStudio/TeamTest/2010">
  <Times creation="2026-09-17T11:32:07.0743186-07:00" queuing="2026-09-17T11:32:07.0743186-07:00" start="2026-09-17T11:32:04.6809889-07:00" finish="2026-09-17T11:37:26.6797714-07:00" />
  <TestSettings name="default" id="ebe277b7-b36f-49a5-8a82-b5ae9deb62c0">
    <Deployment runDeploymentRoot="mwiemer_CPC-mwiem-JQR2A_2026-09-17_11_32_07" />
  </TestSettings>
  <Results>
    <UnitTestResult executionId="a021fd38-0f56-478e-8293-60bd504cd131" testId="c44ad1bb-eace-f90c-5e81-407cbd4e4409" testName="Microsoft.VisualStudio.Extensibility.Testing.Xunit.IntegrationTests.IdeFactTest.TestRunsOnUIThread (VS18)" computerName="CPC-mwiem-JQR2A" duration="00:00:00.0010000" startTime="2026-09-17T11:33:26.3992634-07:00" endTime="2026-09-17T11:33:26.4272954-07:00" testType="13cdc9d9-ddb5-4fa4-a97d-d965ccfc6d4b" outcome="Passed" testListId="8c84fa94-04c1-424b-9868-57a2d4851a1d" relativeResultsDirectory="a021fd38-0f56-478e-8293-60bd504cd131" />
    <UnitTestResult executionId="81121b4a-df82-4e60-a10b-207283dcb61c" testId="63a67239-b1f3-a958-204c-cfae6fdeea13" testName="Microsoft.VisualStudio.Extensibility.Testing.Xunit.IntegrationTests.IdeFactTest.TestDefaultExperimentalInstance1 (VS18)" computerName="CPC-mwiem-JQR2A" duration="00:00:00.0010000" startTime="2026-09-17T11:33:26.6274893-07:00" endTime="2026-09-17T11:33:26.6547543-07:00" testType="13cdc9d9-ddb5-4fa4-a97d-d965ccfc6d4b" outcome="Passed" testListId="8c84fa94-04c1-424b-9868-57a2d4851a1d" relativeResultsDirectory="81121b4a-df82-4e60-a10b-207283dcb61c" />
    <UnitTestResult executionId="a3dbc5ea-dbec-4e67-aaf4-d8af019296ca" testId="e5e67099-9bf4-addc-6593-a29b49a0cc52" testName="Microsoft.VisualStudio.Extensibility.Testing.Xunit.IntegrationTests.IdeFactTest.TestJoinableTaskFactoryAsync (VS18)" computerName="CPC-mwiem-JQR2A" duration="00:00:00.0160000" startTime="2026-09-17T11:33:26.5366671-07:00" endTime="2026-09-17T11:33:26.5811363-07:00" testType="13cdc9d9-ddb5-4fa4-a97d-d965ccfc6d4b" outcome="Passed" testListId="8c84fa94-04c1-424b-9868-57a2d4851a1d" relativeResultsDirectory="a3dbc5ea-dbec-4e67-aaf4-d8af019296ca" />
    <UnitTestResult executionId="0e5b2fa6-75f3-4579-80cb-65a3120fa120" testId="950e23e0-54f1-02cd-9858-bca7e8f1b9da" testName="Microsoft.VisualStudio.Extensibility.Testing.Xunit.IntegrationTests.IdeTheoryTest.TestRunsOnUIThread(iteration: 0) (VS18)" computerName="CPC-mwiem-JQR2A" duration="00:00:00.0010000" startTime="2026-09-17T11:33:25.6499174-07:00" endTime="2026-09-17T11:33:25.9883628-07:00" testType="13cdc9d9-ddb5-4fa4-a97d-d965ccfc6d4b" outcome="Passed" testListId="8c84fa94-04c1-424b-9868-57a2d4851a1d" relativeResultsDirectory="0e5b2fa6-75f3-4579-80cb-65a3120fa120" />
    <UnitTestResult executionId="3d2c7c90-67c1-4ed7-9cb8-3a3d4300a53a" testId="444b969c-6290-14dc-90aa-433c89fd43f5" testName="Microsoft.VisualStudio.Extensibility.Testing.Xunit.IntegrationTests.IdeFactTest.TestRunsOnUIThreadAsync (VS18)" computerName="CPC-mwiem-JQR2A" duration="00:00:00.0080000" startTime="2026-09-17T11:33:26.3085668-07:00" endTime="2026-09-17T11:33:26.3545766-07:00" testType="13cdc9d9-ddb5-4fa4-a97d-d965ccfc6d4b" outcome="Passed" testListId="8c84fa94-04c1-424b-9868-57a2d4851a1d" relativeResultsDirectory="3d2c7c90-67c1-4ed7-9cb8-3a3d4300a53a" />
    <UnitTestResult executionId="0d34d417-df00-484b-b635-8c24d9f7867f" testId="8f39fc7e-9e58-8d75-7a7e-aca269f47031" testName="Xunit.Instances.VisualStudio (VS18, Exp)" computerName="CPC-mwiem-JQR2A" duration="00:00:00.0010000" startTime="2026-09-17T11:37:26.5876392-07:00" endTime="2026-09-17T11:37:26.5886396-07:00" testType="13cdc9d9-ddb5-4fa4-a97d-d965ccfc6d4b" outcome="Passed" testListId="8c84fa94-04c1-424b-9868-57a2d4851a1d" relativeResultsDirectory="0d34d417-df00-484b-b635-8c24d9f7867f" />
    <UnitTestResult executionId="78c02f6b-f8ad-4909-9434-946dd44692cb" testId="5b236f3c-725e-3f06-5ca3-8014b12c4431" testName="Microsoft.VisualStudio.Extensibility.Testing.Xunit.IntegrationTests.IdeFactTest.TestOpenAndCloseIDE (VS18)" computerName="CPC-mwiem-JQR2A" duration="00:00:00.0120000" startTime="2026-09-17T11:33:26.7813342-07:00" endTime="2026-09-17T11:33:26.8225214-07:00" testType="13cdc9d9-ddb5-4fa4-a97d-d965ccfc6d4b" outcome="Passed" testListId="8c84fa94-04c1-424b-9868-57a2d4851a1d" relativeResultsDirectory="78c02f6b-f8ad-4909-9434-946dd44692cb" />
    <UnitTestResult executionId="62fa09a0-a78d-495a-941b-c0ca3353d8fd" testId="60d928eb-5fd8-8940-f505-a90620034d36" testName="Microsoft.VisualStudio.Extensibility.Testing.Xunit.IntegrationTests.IdeFactTest.TestStandardInstance (VS18)" computerName="CPC-mwiem-JQR2A" duration="00:00:00.0740000" startTime="2026-09-17T11:36:17.1248398-07:00" endTime="2026-09-17T11:36:17.4451462-07:00" testType="13cdc9d9-ddb5-4fa4-a97d-d965ccfc6d4b" outcome="Passed" testListId="8c84fa94-04c1-424b-9868-57a2d4851a1d" relativeResultsDirectory="62fa09a0-a78d-495a-941b-c0ca3353d8fd" />
    <UnitTestResult executionId="5da9d51c-31ba-41af-8c3d-001ca65bdd1a" testId="c4531b11-6bdc-a75f-d1ea-a15911abc061" testName="Microsoft.VisualStudio.Extensibility.Testing.Xunit.IntegrationTests.VisualStudioInstanceKeyTests.TestSerializationWithEnvironmentVariables(environmentVariables: [&quot;Key=Value&quot;])" computerName="CPC-mwiem-JQR2A" duration="00:00:00.0010000" startTime="2026-09-17T11:32:06.7297945-07:00" endTime="2026-09-17T11:32:06.7307931-07:00" testType="13cdc9d9-ddb5-4fa4-a97d-d965ccfc6d4b" outcome="Passed" testListId="8c84fa94-04c1-424b-9868-57a2d4851a1d" relativeResultsDirectory="5da9d51c-31ba-41af-8c3d-001ca65bdd1a" />
    <UnitTestResult executionId="404d6c34-8a38-44c6-945c-577fffa5b0d9" testId="e09d1636-a0df-c1fe-3162-842f44a2a971" testName="Microsoft.VisualStudio.Extensibility.Testing.Xunit.IntegrationTests.VisualStudioInstanceKeyTests.TestSerializationWithEnvironmentVariables(environmentVariables: [&quot;Key==&quot;, &quot;Key=;&quot;])" computerName="CPC-mwiem-JQR2A" duration="00:00:00.0010000" startTime="2026-09-17T11:32:06.7257944-07:00" endTime="2026-09-17T11:32:06.7267929-07:00" testType="13cdc9d9-ddb5-4fa4-a97d-d965ccfc6d4b" outcome="Passed" testListId="8c84fa94-04c1-424b-9868-57a2d4851a1d" relativeResultsDirectory="404d6c34-8a38-44c6-945c-577fffa5b0d9" />
    <UnitTestResult executionId="95337af8-3113-4c60-af7d-6d65bdd89db2" testId="087f5567-547c-6742-5698-765a4e0edfcc" testName="Microsoft.VisualStudio.Extensibility.Testing.Xunit.IntegrationTests.IdeFactTest.TestJoinableTaskFactoryObtainedFromEnvironment (VS18)" computerName="CPC-mwiem-JQR2A" duration="00:00:00.0020000" startTime="2026-09-17T11:33:26.4716642-07:00" endTime="2026-09-17T11:33:26.4954973-07:00" testType="13cdc9d9-ddb5-4fa4-a97d-d965ccfc6d4b" outcome="Passed" testListId="8c84fa94-04c1-424b-9868-57a2d4851a1d" relativeResultsDirectory="95337af8-3113-4c60-af7d-6d65bdd89db2" />
    <UnitTestResult executionId="148bf117-e0f5-4114-b641-3c9d143729c8" testId="dc3c36ed-8971-bd12-3ff8-a1da0a469d79" testName="Microsoft.VisualStudio.Extensibility.Testing.Xunit.IntegrationTests.IdeFactTest.TestDefaultExperimentalInstance2 (VS18)" computerName="CPC-mwiem-JQR2A" duration="00:00:00.0250000" startTime="2026-09-17T11:33:26.1256061-07:00" endTime="2026-09-17T11:33:26.1747834-07:00" testType="13cdc9d9-ddb5-4fa4-a97d-d965ccfc6d4b" outcome="Passed" testListId="8c84fa94-04c1-424b-9868-57a2d4851a1d" relativeResultsDirectory="148bf117-e0f5-4114-b641-3c9d143729c8" />
    <UnitTestResult executionId="3b0af91a-22b7-4ee7-8561-ecbd48251969" testId="1371324d-444d-7881-b2ca-e96b9a41a602" testName="Microsoft.VisualStudio.Extensibility.Testing.Xunit.IntegrationTests.VisualStudioInstanceKeyTests.TestSerializationWithEnvironmentVariables(environmentVariables: [])" computerName="CPC-mwiem-JQR2A" duration="00:00:00.0010000" startTime="2026-09-17T11:32:06.7277953-07:00" endTime="2026-09-17T11:32:06.7287931-07:00" testType="13cdc9d9-ddb5-4fa4-a97d-d965ccfc6d4b" outcome="Passed" testListId="8c84fa94-04c1-424b-9868-57a2d4851a1d" relativeResultsDirectory="3b0af91a-22b7-4ee7-8561-ecbd48251969" />
    <UnitTestResult executionId="ed066caa-3f91-424b-a875-3969dac0de59" testId="b1caf14a-fcdf-9854-cae5-f4d71d734cc1" testName="Microsoft.VisualStudio.Extensibility.Testing.Xunit.IntegrationTests.IdeFactTest.TestRoslynExperimentalInstance (VS18)" computerName="CPC-mwiem-JQR2A" duration="00:00:00.0710000" startTime="2026-09-17T11:37:25.8439453-07:00" endTime="2026-09-17T11:37:26.0502239-07:00" testType="13cdc9d9-ddb5-4fa4-a97d-d965ccfc6d4b" outcome="Passed" testListId="8c84fa94-04c1-424b-9868-57a2d4851a1d" relativeResultsDirectory="ed066caa-3f91-424b-a875-3969dac0de59" />
    <UnitTestResult executionId="b902aa4a-7fca-4b47-9778-d36e77ac5481" testId="306a94be-c229-3618-84d0-fe0f9fbcafb7" testName="Microsoft.VisualStudio.Extensibility.Testing.Xunit.IntegrationTests.VisualStudioInstanceKeyTests.TestSerializationWithEnvironmentVariables(environmentVariables: [&quot;Key=&quot;])" computerName="CPC-mwiem-JQR2A" duration="00:00:00.0010000" startTime="2026-09-17T11:32:06.7323027-07:00" endTime="2026-09-17T11:32:06.7323027-07:00" testType="13cdc9d9-ddb5-4fa4-a97d-d965ccfc6d4b" outcome="Passed" testListId="8c84fa94-04c1-424b-9868-57a2d4851a1d" relativeResultsDirectory="b902aa4a-7fca-4b47-9778-d36e77ac5481" />
    <UnitTestResult executionId="51b0eb47-62a7-444c-923a-2f6edb3c379a" testId="446ffbcd-b904-f1d2-bcaf-5dc8488e070f" testName="Microsoft.VisualStudio.Extensibility.Testing.Xunit.IntegrationTests.IdeTheoryTest.TestRunsOnUIThread(iteration: 1) (VS18)" computerName="CPC-mwiem-JQR2A" duration="00:00:00.0480000" startTime="2026-09-17T11:33:17.5928820-07:00" endTime="2026-09-17T11:33:25.6127007-07:00" testType="13cdc9d9-ddb5-4fa4-a97d-d965ccfc6d4b" outcome="Passed" testListId="8c84fa94-04c1-424b-9868-57a2d4851a1d" relativeResultsDirectory="51b0eb47-62a7-444c-923a-2f6edb3c379a" />
    <UnitTestResult executionId="b63e94a2-1681-4298-b5bb-f3b0ab0de899" testId="5a6e50e5-402a-c587-1701-a91a632a1f7b" testName="Microsoft.VisualStudio.Extensibility.Testing.Xunit.IntegrationTests.IdeFactTest.TestYieldsToWorkAsync (VS18)" computerName="CPC-mwiem-JQR2A" duration="00:00:00.0030000" startTime="2026-09-17T11:33:26.6995683-07:00" endTime="2026-09-17T11:33:26.7325108-07:00" testType="13cdc9d9-ddb5-4fa4-a97d-d965ccfc6d4b" outcome="Passed" testListId="8c84fa94-04c1-424b-9868-57a2d4851a1d" relativeResultsDirectory="b63e94a2-1681-4298-b5bb-f3b0ab0de899" />
    <UnitTestResult executionId="4733825a-e005-4a93-ba88-90dcdd31130c" testId="ae718922-7883-61b4-73a4-b617b642ddcd" testName="Microsoft.VisualStudio.Extensibility.Testing.Xunit.IntegrationTests.IdeFactTest.TestExperimentalInstance (VS18)" computerName="CPC-mwiem-JQR2A" duration="00:00:00.0010000" startTime="2026-09-17T11:33:26.2204394-07:00" endTime="2026-09-17T11:33:26.2630719-07:00" testType="13cdc9d9-ddb5-4fa4-a97d-d965ccfc6d4b" outcome="Passed" testListId="8c84fa94-04c1-424b-9868-57a2d4851a1d" relativeResultsDirectory="4733825a-e005-4a93-ba88-90dcdd31130c" />
    <UnitTestResult executionId="6e87c0d4-9f70-4f2c-88ad-e5895df0e612" testId="cc9639c6-bbee-d447-3a6a-c3fe1f0331c8" testName="Microsoft.VisualStudio.Extensibility.Testing.Xunit.IntegrationTests.VisualStudioInstanceKeyTests.TestSerializationWithEnvironmentVariables(environmentVariables: [&quot;DOTNET_MULTILEVEL_LOOKUP=&quot;, &quot;DOTNET_INSTALL_DIR=&quot;, &quot;DotNetRoot=&quot;, &quot;DotNetTool=&quot;])" computerName="CPC-mwiem-JQR2A" duration="00:00:00.0320000" startTime="2026-09-17T11:32:06.6345367-07:00" endTime="2026-09-17T11:32:06.6969631-07:00" testType="13cdc9d9-ddb5-4fa4-a97d-d965ccfc6d4b" outcome="Passed" testListId="8c84fa94-04c1-424b-9868-57a2d4851a1d" relativeResultsDirectory="6e87c0d4-9f70-4f2c-88ad-e5895df0e612" />
    <UnitTestResult executionId="4d5f6124-6de7-44e2-b8bc-44e4915e9b02" testId="fc7b7b03-3ce5-5cd4-3708-afe07c1c3f6e" testName="Xunit.Instances.VisualStudio (VS18)" computerName="CPC-mwiem-JQR2A" duration="00:00:00.0010000" startTime="2026-09-17T11:37:26.5896394-07:00" endTime="2026-09-17T11:37:26.5906393-07:00" testType="13cdc9d9-ddb5-4fa4-a97d-d965ccfc6d4b" outcome="Passed" testListId="8c84fa94-04c1-424b-9868-57a2d4851a1d" relativeResultsDirectory="4d5f6124-6de7-44e2-b8bc-44e4915e9b02" />
    <UnitTestResult executionId="378f6960-c68f-42f7-b4e6-9c18db42c14a" testId="894e0fb1-f609-3f76-5931-3bc8a9b072e1" testName="Microsoft.VisualStudio.Extensibility.Testing.Xunit.IntegrationTests.IdeFactTest.TestLaunchWithCustomEnvironmentVariable (VS18)" computerName="CPC-mwiem-JQR2A" duration="00:00:01.7510000" startTime="2026-09-17T11:33:26.9315747-07:00" endTime="2026-09-17T11:33:28.7240411-07:00" testType="13cdc9d9-ddb5-4fa4-a97d-d965ccfc6d4b" outcome="Failed" testListId="8c84fa94-04c1-424b-9868-57a2d4851a1d" relativeResultsDirectory="378f6960-c68f-42f7-b4e6-9c18db42c14a">
      <Output>
        <ErrorInfo>
          <Message>Assert.Equal() Failure: Strings differ&#xD;
Expected: "CustomValue"&#xD;
Actual:   null</Message>
          <StackTrace>   at Microsoft.VisualStudio.Extensibility.Testing.Xunit.IntegrationTests.IdeFactTest.TestLaunchWithCustomEnvironmentVariable() in Q:\src\roslyn\roslyn-main\src\VisualStudio\IntegrationTest\Harness\IntegrationTestsShared\IdeFactTest.cs:line 158</StackTrace>
        </ErrorInfo>
      </Output>
    </UnitTestResult>
    <UnitTestResult executionId="8ed86e00-c0f1-4a1e-aaf0-659e6a93163f" testId="93e6bd84-b5a3-3ea9-e32f-c8d6eaa9e7ed" testName="Xunit.Instances.VisualStudio (VS18, RoslynExp)" computerName="CPC-mwiem-JQR2A" duration="00:00:00.0010000" startTime="2026-09-17T11:37:26.5921652-07:00" endTime="2026-09-17T11:37:26.5921652-07:00" testType="13cdc9d9-ddb5-4fa4-a97d-d965ccfc6d4b" outcome="Passed" testListId="8c84fa94-04c1-424b-9868-57a2d4851a1d" relativeResultsDirectory="8ed86e00-c0f1-4a1e-aaf0-659e6a93163f" />
  </Results>
  <TestDefinitions>
    <UnitTest name="Microsoft.VisualStudio.Extensibility.Testing.Xunit.IntegrationTests.IdeFactTest.TestOpenAndCloseIDE (VS18)" storage="q:\src\roslyn\roslyn-main\artifacts\bin\microsoft.visualstudio.extensibility.testing.xunit.integrationtests\debug\net472\microsoft.visualstudio.extensibility.testing.xunit.integrationtests.dll" id="5b236f3c-725e-3f06-5ca3-8014b12c4431">
      <Execution id="78c02f6b-f8ad-4909-9434-946dd44692cb" />
      <TestMethod codeBase="Q:\src\roslyn\roslyn-main\artifacts\bin\Microsoft.VisualStudio.Extensibility.Testing.Xunit.IntegrationTests\Debug\net472\Microsoft.VisualStudio.Extensibility.Testing.Xunit.IntegrationTests.dll" adapterTypeName="executor://xunit/VsTestRunner3/netfx/" className="Microsoft.VisualStudio.Extensibility.Testing.Xunit.IntegrationTests.IdeFactTest" name="TestOpenAndCloseIDE" />
    </UnitTest>
    <UnitTest name="Microsoft.VisualStudio.Extensibility.Testing.Xunit.IntegrationTests.IdeTheoryTest.TestRunsOnUIThread(iteration: 1) (VS18)" storage="q:\src\roslyn\roslyn-main\artifacts\bin\microsoft.visualstudio.extensibility.testing.xunit.integrationtests\debug\net472\microsoft.visualstudio.extensibility.testing.xunit.integrationtests.dll" id="446ffbcd-b904-f1d2-bcaf-5dc8488e070f">
      <Execution id="51b0eb47-62a7-444c-923a-2f6edb3c379a" />
      <TestMethod codeBase="Q:\src\roslyn\roslyn-main\artifacts\bin\Microsoft.VisualStudio.Extensibility.Testing.Xunit.IntegrationTests\Debug\net472\Microsoft.VisualStudio.Extensibility.Testing.Xunit.IntegrationTests.dll" adapterTypeName="executor://xunit/VsTestRunner3/netfx/" className="Microsoft.VisualStudio.Extensibility.Testing.Xunit.IntegrationTests.IdeTheoryTest" name="TestRunsOnUIThread" />
    </UnitTest>
    <UnitTest name="Microsoft.VisualStudio.Extensibility.Testing.Xunit.IntegrationTests.IdeFactTest.TestRunsOnUIThreadAsync (VS18)" storage="q:\src\roslyn\roslyn-main\artifacts\bin\microsoft.visualstudio.extensibility.testing.xunit.integrationtests\debug\net472\microsoft.visualstudio.extensibility.testing.xunit.integrationtests.dll" id="444b969c-6290-14dc-90aa-433c89fd43f5">
      <Execution id="3d2c7c90-67c1-4ed7-9cb8-3a3d4300a53a" />
      <TestMethod codeBase="Q:\src\roslyn\roslyn-main\artifacts\bin\Microsoft.VisualStudio.Extensibility.Testing.Xunit.IntegrationTests\Debug\net472\Microsoft.VisualStudio.Extensibility.Testing.Xunit.IntegrationTests.dll" adapterTypeName="executor://xunit/VsTestRunner3/netfx/" className="Microsoft.VisualStudio.Extensibility.Testing.Xunit.IntegrationTests.IdeFactTest" name="TestRunsOnUIThreadAsync" />
    </UnitTest>
    <UnitTest name="Microsoft.VisualStudio.Extensibility.Testing.Xunit.IntegrationTests.IdeFactTest.TestDefaultExperimentalInstance1 (VS18)" storage="q:\src\roslyn\roslyn-main\artifacts\bin\microsoft.visualstudio.extensibility.testing.xunit.integrationtests\debug\net472\microsoft.visualstudio.extensibility.testing.xunit.integrationtests.dll" id="63a67239-b1f3-a958-204c-cfae6fdeea13">
      <Execution id="81121b4a-df82-4e60-a10b-207283dcb61c" />
      <TestMethod codeBase="Q:\src\roslyn\roslyn-main\artifacts\bin\Microsoft.VisualStudio.Extensibility.Testing.Xunit.IntegrationTests\Debug\net472\Microsoft.VisualStudio.Extensibility.Testing.Xunit.IntegrationTests.dll" adapterTypeName="executor://xunit/VsTestRunner3/netfx/" className="Microsoft.VisualStudio.Extensibility.Testing.Xunit.IntegrationTests.IdeFactTest" name="TestDefaultExperimentalInstance1" />
    </UnitTest>
    <UnitTest name="Microsoft.VisualStudio.Extensibility.Testing.Xunit.IntegrationTests.IdeFactTest.TestStandardInstance (VS18)" storage="q:\src\roslyn\roslyn-main\artifacts\bin\microsoft.visualstudio.extensibility.testing.xunit.integrationtests\debug\net472\microsoft.visualstudio.extensibility.testing.xunit.integrationtests.dll" id="60d928eb-5fd8-8940-f505-a90620034d36">
      <Execution id="62fa09a0-a78d-495a-941b-c0ca3353d8fd" />
      <TestMethod codeBase="Q:\src\roslyn\roslyn-main\artifacts\bin\Microsoft.VisualStudio.Extensibility.Testing.Xunit.IntegrationTests\Debug\net472\Microsoft.VisualStudio.Extensibility.Testing.Xunit.IntegrationTests.dll" adapterTypeName="executor://xunit/VsTestRunner3/netfx/" className="Microsoft.VisualStudio.Extensibility.Testing.Xunit.IntegrationTests.IdeFactTest" name="TestStandardInstance" />
    </UnitTest>
    <UnitTest name="Microsoft.VisualStudio.Extensibility.Testing.Xunit.IntegrationTests.VisualStudioInstanceKeyTests.TestSerializationWithEnvironmentVariables(environmentVariables: [&quot;Key=Value&quot;])" storage="q:\src\roslyn\roslyn-main\artifacts\bin\microsoft.visualstudio.extensibility.testing.xunit.integrationtests\debug\net472\microsoft.visualstudio.extensibility.testing.xunit.integrationtests.dll" id="c4531b11-6bdc-a75f-d1ea-a15911abc061">
      <Execution id="5da9d51c-31ba-41af-8c3d-001ca65bdd1a" />
      <TestMethod codeBase="Q:\src\roslyn\roslyn-main\artifacts\bin\Microsoft.VisualStudio.Extensibility.Testing.Xunit.IntegrationTests\Debug\net472\Microsoft.VisualStudio.Extensibility.Testing.Xunit.IntegrationTests.dll" adapterTypeName="executor://xunit/VsTestRunner3/netfx/" className="Microsoft.VisualStudio.Extensibility.Testing.Xunit.IntegrationTests.VisualStudioInstanceKeyTests" name="TestSerializationWithEnvironmentVariables" />
    </UnitTest>
    <UnitTest name="Microsoft.VisualStudio.Extensibility.Testing.Xunit.IntegrationTests.VisualStudioInstanceKeyTests.TestSerializationWithEnvironmentVariables(environmentVariables: [&quot;Key==&quot;, &quot;Key=;&quot;])" storage="q:\src\roslyn\roslyn-main\artifacts\bin\microsoft.visualstudio.extensibility.testing.xunit.integrationtests\debug\net472\microsoft.visualstudio.extensibility.testing.xunit.integrationtests.dll" id="e09d1636-a0df-c1fe-3162-842f44a2a971">
      <Execution id="404d6c34-8a38-44c6-945c-577fffa5b0d9" />
      <TestMethod codeBase="Q:\src\roslyn\roslyn-main\artifacts\bin\Microsoft.VisualStudio.Extensibility.Testing.Xunit.IntegrationTests\Debug\net472\Microsoft.VisualStudio.Extensibility.Testing.Xunit.IntegrationTests.dll" adapterTypeName="executor://xunit/VsTestRunner3/netfx/" className="Microsoft.VisualStudio.Extensibility.Testing.Xunit.IntegrationTests.VisualStudioInstanceKeyTests" name="TestSerializationWithEnvironmentVariables" />
    </UnitTest>
    <UnitTest name="Microsoft.VisualStudio.Extensibility.Testing.Xunit.IntegrationTests.IdeFactTest.TestRunsOnUIThread (VS18)" storage="q:\src\roslyn\roslyn-main\artifacts\bin\microsoft.visualstudio.extensibility.testing.xunit.integrationtests\debug\net472\microsoft.visualstudio.extensibility.testing.xunit.integrationtests.dll" id="c44ad1bb-eace-f90c-5e81-407cbd4e4409">
      <Execution id="a021fd38-0f56-478e-8293-60bd504cd131" />
      <TestMethod codeBase="Q:\src\roslyn\roslyn-main\artifacts\bin\Microsoft.VisualStudio.Extensibility.Testing.Xunit.IntegrationTests\Debug\net472\Microsoft.VisualStudio.Extensibility.Testing.Xunit.IntegrationTests.dll" adapterTypeName="executor://xunit/VsTestRunner3/netfx/" className="Microsoft.VisualStudio.Extensibility.Testing.Xunit.IntegrationTests.IdeFactTest" name="TestRunsOnUIThread" />
    </UnitTest>
    <UnitTest name="Microsoft.VisualStudio.Extensibility.Testing.Xunit.IntegrationTests.VisualStudioInstanceKeyTests.TestSerializationWithEnvironmentVariables(environmentVariables: [&quot;DOTNET_MULTILEVEL_LOOKUP=&quot;, &quot;DOTNET_INSTALL_DIR=&quot;, &quot;DotNetRoot=&quot;, &quot;DotNetTool=&quot;])" storage="q:\src\roslyn\roslyn-main\artifacts\bin\microsoft.visualstudio.extensibility.testing.xunit.integrationtests\debug\net472\microsoft.visualstudio.extensibility.testing.xunit.integrationtests.dll" id="cc9639c6-bbee-d447-3a6a-c3fe1f0331c8">
      <Execution id="6e87c0d4-9f70-4f2c-88ad-e5895df0e612" />
      <TestMethod codeBase="Q:\src\roslyn\roslyn-main\artifacts\bin\Microsoft.VisualStudio.Extensibility.Testing.Xunit.IntegrationTests\Debug\net472\Microsoft.VisualStudio.Extensibility.Testing.Xunit.IntegrationTests.dll" adapterTypeName="executor://xunit/VsTestRunner3/netfx/" className="Microsoft.VisualStudio.Extensibility.Testing.Xunit.IntegrationTests.VisualStudioInstanceKeyTests" name="TestSerializationWithEnvironmentVariables" />
    </UnitTest>
    <UnitTest name="Microsoft.VisualStudio.Extensibility.Testing.Xunit.IntegrationTests.IdeFactTest.TestYieldsToWorkAsync (VS18)" storage="q:\src\roslyn\roslyn-main\artifacts\bin\microsoft.visualstudio.extensibility.testing.xunit.integrationtests\debug\net472\microsoft.visualstudio.extensibility.testing.xunit.integrationtests.dll" id="5a6e50e5-402a-c587-1701-a91a632a1f7b">
      <Execution id="b63e94a2-1681-4298-b5bb-f3b0ab0de899" />
      <TestMethod codeBase="Q:\src\roslyn\roslyn-main\artifacts\bin\Microsoft.VisualStudio.Extensibility.Testing.Xunit.IntegrationTests\Debug\net472\Microsoft.VisualStudio.Extensibility.Testing.Xunit.IntegrationTests.dll" adapterTypeName="executor://xunit/VsTestRunner3/netfx/" className="Microsoft.VisualStudio.Extensibility.Testing.Xunit.IntegrationTests.IdeFactTest" name="TestYieldsToWorkAsync" />
    </UnitTest>
    <UnitTest name="Xunit.Instances.VisualStudio (VS18)" storage="q:\src\roslyn\roslyn-main\artifacts\bin\microsoft.visualstudio.extensibility.testing.xunit.integrationtests\debug\net472\microsoft.visualstudio.extensibility.testing.xunit.integrationtests.dll" id="fc7b7b03-3ce5-5cd4-3708-afe07c1c3f6e">
      <Execution id="4d5f6124-6de7-44e2-b8bc-44e4915e9b02" />
      <TestMethod codeBase="Q:\src\roslyn\roslyn-main\artifacts\bin\Microsoft.VisualStudio.Extensibility.Testing.Xunit.IntegrationTests\Debug\net472\Microsoft.VisualStudio.Extensibility.Testing.Xunit.IntegrationTests.dll" adapterTypeName="executor://xunit/VsTestRunner3/netfx/" className="Xunit.Instances" name="VisualStudio" />
    </UnitTest>
    <UnitTest name="Microsoft.VisualStudio.Extensibility.Testing.Xunit.IntegrationTests.IdeFactTest.TestRoslynExperimentalInstance (VS18)" storage="q:\src\roslyn\roslyn-main\artifacts\bin\microsoft.visualstudio.extensibility.testing.xunit.integrationtests\debug\net472\microsoft.visualstudio.extensibility.testing.xunit.integrationtests.dll" id="b1caf14a-fcdf-9854-cae5-f4d71d734cc1">
      <Execution id="ed066caa-3f91-424b-a875-3969dac0de59" />
      <TestMethod codeBase="Q:\src\roslyn\roslyn-main\artifacts\bin\Microsoft.VisualStudio.Extensibility.Testing.Xunit.IntegrationTests\Debug\net472\Microsoft.VisualStudio.Extensibility.Testing.Xunit.IntegrationTests.dll" adapterTypeName="executor://xunit/VsTestRunner3/netfx/" className="Microsoft.VisualStudio.Extensibility.Testing.Xunit.IntegrationTests.IdeFactTest" name="TestRoslynExperimentalInstance" />
    </UnitTest>
    <UnitTest name="Microsoft.VisualStudio.Extensibility.Testing.Xunit.IntegrationTests.IdeFactTest.TestJoinableTaskFactoryAsync (VS18)" storage="q:\src\roslyn\roslyn-main\artifacts\bin\microsoft.visualstudio.extensibility.testing.xunit.integrationtests\debug\net472\microsoft.visualstudio.extensibility.testing.xunit.integrationtests.dll" id="e5e67099-9bf4-addc-6593-a29b49a0cc52">
      <Execution id="a3dbc5ea-dbec-4e67-aaf4-d8af019296ca" />
      <TestMethod codeBase="Q:\src\roslyn\roslyn-main\artifacts\bin\Microsoft.VisualStudio.Extensibility.Testing.Xunit.IntegrationTests\Debug\net472\Microsoft.VisualStudio.Extensibility.Testing.Xunit.IntegrationTests.dll" adapterTypeName="executor://xunit/VsTestRunner3/netfx/" className="Microsoft.VisualStudio.Extensibility.Testing.Xunit.IntegrationTests.IdeFactTest" name="TestJoinableTaskFactoryAsync" />
    </UnitTest>
    <UnitTest name="Xunit.Instances.VisualStudio (VS18, RoslynExp)" storage="q:\src\roslyn\roslyn-main\artifacts\bin\microsoft.visualstudio.extensibility.testing.xunit.integrationtests\debug\net472\microsoft.visualstudio.extensibility.testing.xunit.integrationtests.dll" id="93e6bd84-b5a3-3ea9-e32f-c8d6eaa9e7ed">
      <Execution id="8ed86e00-c0f1-4a1e-aaf0-659e6a93163f" />
      <TestMethod codeBase="Q:\src\roslyn\roslyn-main\artifacts\bin\Microsoft.VisualStudio.Extensibility.Testing.Xunit.IntegrationTests\Debug\net472\Microsoft.VisualStudio.Extensibility.Testing.Xunit.IntegrationTests.dll" adapterTypeName="executor://xunit/VsTestRunner3/netfx/" className="Xunit.Instances" name="VisualStudio" />
    </UnitTest>
    <UnitTest name="Microsoft.VisualStudio.Extensibility.Testing.Xunit.IntegrationTests.VisualStudioInstanceKeyTests.TestSerializationWithEnvironmentVariables(environmentVariables: [])" storage="q:\src\roslyn\roslyn-main\artifacts\bin\microsoft.visualstudio.extensibility.testing.xunit.integrationtests\debug\net472\microsoft.visualstudio.extensibility.testing.xunit.integrationtests.dll" id="1371324d-444d-7881-b2ca-e96b9a41a602">
      <Execution id="3b0af91a-22b7-4ee7-8561-ecbd48251969" />
      <TestMethod codeBase="Q:\src\roslyn\roslyn-main\artifacts\bin\Microsoft.VisualStudio.Extensibility.Testing.Xunit.IntegrationTests\Debug\net472\Microsoft.VisualStudio.Extensibility.Testing.Xunit.IntegrationTests.dll" adapterTypeName="executor://xunit/VsTestRunner3/netfx/" className="Microsoft.VisualStudio.Extensibility.Testing.Xunit.IntegrationTests.VisualStudioInstanceKeyTests" name="TestSerializationWithEnvironmentVariables" />
    </UnitTest>
    <UnitTest name="Microsoft.VisualStudio.Extensibility.Testing.Xunit.IntegrationTests.VisualStudioInstanceKeyTests.TestSerializationWithEnvironmentVariables(environmentVariables: [&quot;Key=&quot;])" storage="q:\src\roslyn\roslyn-main\artifacts\bin\microsoft.visualstudio.extensibility.testing.xunit.integrationtests\debug\net472\microsoft.visualstudio.extensibility.testing.xunit.integrationtests.dll" id="306a94be-c229-3618-84d0-fe0f9fbcafb7">
      <Execution id="b902aa4a-7fca-4b47-9778-d36e77ac5481" />
      <TestMethod codeBase="Q:\src\roslyn\roslyn-main\artifacts\bin\Microsoft.VisualStudio.Extensibility.Testing.Xunit.IntegrationTests\Debug\net472\Microsoft.VisualStudio.Extensibility.Testing.Xunit.IntegrationTests.dll" adapterTypeName="executor://xunit/VsTestRunner3/netfx/" className="Microsoft.VisualStudio.Extensibility.Testing.Xunit.IntegrationTests.VisualStudioInstanceKeyTests" name="TestSerializationWithEnvironmentVariables" />
    </UnitTest>
    <UnitTest name="Microsoft.VisualStudio.Extensibility.Testing.Xunit.IntegrationTests.IdeFactTest.TestJoinableTaskFactoryObtainedFromEnvironment (VS18)" storage="q:\src\roslyn\roslyn-main\artifacts\bin\microsoft.visualstudio.extensibility.testing.xunit.integrationtests\debug\net472\microsoft.visualstudio.extensibility.testing.xunit.integrationtests.dll" id="087f5567-547c-6742-5698-765a4e0edfcc">
      <Execution id="95337af8-3113-4c60-af7d-6d65bdd89db2" />
      <TestMethod codeBase="Q:\src\roslyn\roslyn-main\artifacts\bin\Microsoft.VisualStudio.Extensibility.Testing.Xunit.IntegrationTests\Debug\net472\Microsoft.VisualStudio.Extensibility.Testing.Xunit.IntegrationTests.dll" adapterTypeName="executor://xunit/VsTestRunner3/netfx/" className="Microsoft.VisualStudio.Extensibility.Testing.Xunit.IntegrationTests.IdeFactTest" name="TestJoinableTaskFactoryObtainedFromEnvironment" />
    </UnitTest>
    <UnitTest name="Microsoft.VisualStudio.Extensibility.Testing.Xunit.IntegrationTests.IdeFactTest.TestLaunchWithCustomEnvironmentVariable (VS18)" storage="q:\src\roslyn\roslyn-main\artifacts\bin\microsoft.visualstudio.extensibility.testing.xunit.integrationtests\debug\net472\microsoft.visualstudio.extensibility.testing.xunit.integrationtests.dll" id="894e0fb1-f609-3f76-5931-3bc8a9b072e1">
      <Execution id="378f6960-c68f-42f7-b4e6-9c18db42c14a" />
      <TestMethod codeBase="Q:\src\roslyn\roslyn-main\artifacts\bin\Microsoft.VisualStudio.Extensibility.Testing.Xunit.IntegrationTests\Debug\net472\Microsoft.VisualStudio.Extensibility.Testing.Xunit.IntegrationTests.dll" adapterTypeName="executor://xunit/VsTestRunner3/netfx/" className="Microsoft.VisualStudio.Extensibility.Testing.Xunit.IntegrationTests.IdeFactTest" name="TestLaunchWithCustomEnvironmentVariable" />
    </UnitTest>
    <UnitTest name="Microsoft.VisualStudio.Extensibility.Testing.Xunit.IntegrationTests.IdeFactTest.TestDefaultExperimentalInstance2 (VS18)" storage="q:\src\roslyn\roslyn-main\artifacts\bin\microsoft.visualstudio.extensibility.testing.xunit.integrationtests\debug\net472\microsoft.visualstudio.extensibility.testing.xunit.integrationtests.dll" id="dc3c36ed-8971-bd12-3ff8-a1da0a469d79">
      <Execution id="148bf117-e0f5-4114-b641-3c9d143729c8" />
      <TestMethod codeBase="Q:\src\roslyn\roslyn-main\artifacts\bin\Microsoft.VisualStudio.Extensibility.Testing.Xunit.IntegrationTests\Debug\net472\Microsoft.VisualStudio.Extensibility.Testing.Xunit.IntegrationTests.dll" adapterTypeName="executor://xunit/VsTestRunner3/netfx/" className="Microsoft.VisualStudio.Extensibility.Testing.Xunit.IntegrationTests.IdeFactTest" name="TestDefaultExperimentalInstance2" />
    </UnitTest>
    <UnitTest name="Xunit.Instances.VisualStudio (VS18, Exp)" storage="q:\src\roslyn\roslyn-main\artifacts\bin\microsoft.visualstudio.extensibility.testing.xunit.integrationtests\debug\net472\microsoft.visualstudio.extensibility.testing.xunit.integrationtests.dll" id="8f39fc7e-9e58-8d75-7a7e-aca269f47031">
      <Execution id="0d34d417-df00-484b-b635-8c24d9f7867f" />
      <TestMethod codeBase="Q:\src\roslyn\roslyn-main\artifacts\bin\Microsoft.VisualStudio.Extensibility.Testing.Xunit.IntegrationTests\Debug\net472\Microsoft.VisualStudio.Extensibility.Testing.Xunit.IntegrationTests.dll" adapterTypeName="executor://xunit/VsTestRunner3/netfx/" className="Xunit.Instances" name="VisualStudio" />
    </UnitTest>
    <UnitTest name="Microsoft.VisualStudio.Extensibility.Testing.Xunit.IntegrationTests.IdeTheoryTest.TestRunsOnUIThread(iteration: 0) (VS18)" storage="q:\src\roslyn\roslyn-main\artifacts\bin\microsoft.visualstudio.extensibility.testing.xunit.integrationtests\debug\net472\microsoft.visualstudio.extensibility.testing.xunit.integrationtests.dll" id="950e23e0-54f1-02cd-9858-bca7e8f1b9da">
      <Execution id="0e5b2fa6-75f3-4579-80cb-65a3120fa120" />
      <TestMethod codeBase="Q:\src\roslyn\roslyn-main\artifacts\bin\Microsoft.VisualStudio.Extensibility.Testing.Xunit.IntegrationTests\Debug\net472\Microsoft.VisualStudio.Extensibility.Testing.Xunit.IntegrationTests.dll" adapterTypeName="executor://xunit/VsTestRunner3/netfx/" className="Microsoft.VisualStudio.Extensibility.Testing.Xunit.IntegrationTests.IdeTheoryTest" name="TestRunsOnUIThread" />
    </UnitTest>
    <UnitTest name="Microsoft.VisualStudio.Extensibility.Testing.Xunit.IntegrationTests.IdeFactTest.TestExperimentalInstance (VS18)" storage="q:\src\roslyn\roslyn-main\artifacts\bin\microsoft.visualstudio.extensibility.testing.xunit.integrationtests\debug\net472\microsoft.visualstudio.extensibility.testing.xunit.integrationtests.dll" id="ae718922-7883-61b4-73a4-b617b642ddcd">
      <Execution id="4733825a-e005-4a93-ba88-90dcdd31130c" />
      <TestMethod codeBase="Q:\src\roslyn\roslyn-main\artifacts\bin\Microsoft.VisualStudio.Extensibility.Testing.Xunit.IntegrationTests\Debug\net472\Microsoft.VisualStudio.Extensibility.Testing.Xunit.IntegrationTests.dll" adapterTypeName="executor://xunit/VsTestRunner3/netfx/" className="Microsoft.VisualStudio.Extensibility.Testing.Xunit.IntegrationTests.IdeFactTest" name="TestExperimentalInstance" />
    </UnitTest>
  </TestDefinitions>
  <TestEntries>
    <TestEntry testId="c44ad1bb-eace-f90c-5e81-407cbd4e4409" executionId="a021fd38-0f56-478e-8293-60bd504cd131" testListId="8c84fa94-04c1-424b-9868-57a2d4851a1d" />
    <TestEntry testId="63a67239-b1f3-a958-204c-cfae6fdeea13" executionId="81121b4a-df82-4e60-a10b-207283dcb61c" testListId="8c84fa94-04c1-424b-9868-57a2d4851a1d" />
    <TestEntry testId="e5e67099-9bf4-addc-6593-a29b49a0cc52" executionId="a3dbc5ea-dbec-4e67-aaf4-d8af019296ca" testListId="8c84fa94-04c1-424b-9868-57a2d4851a1d" />
    <TestEntry testId="950e23e0-54f1-02cd-9858-bca7e8f1b9da" executionId="0e5b2fa6-75f3-4579-80cb-65a3120fa120" testListId="8c84fa94-04c1-424b-9868-57a2d4851a1d" />
    <TestEntry testId="444b969c-6290-14dc-90aa-433c89fd43f5" executionId="3d2c7c90-67c1-4ed7-9cb8-3a3d4300a53a" testListId="8c84fa94-04c1-424b-9868-57a2d4851a1d" />
    <TestEntry testId="8f39fc7e-9e58-8d75-7a7e-aca269f47031" executionId="0d34d417-df00-484b-b635-8c24d9f7867f" testListId="8c84fa94-04c1-424b-9868-57a2d4851a1d" />
    <TestEntry testId="5b236f3c-725e-3f06-5ca3-8014b12c4431" executionId="78c02f6b-f8ad-4909-9434-946dd44692cb" testListId="8c84fa94-04c1-424b-9868-57a2d4851a1d" />
    <TestEntry testId="60d928eb-5fd8-8940-f505-a90620034d36" executionId="62fa09a0-a78d-495a-941b-c0ca3353d8fd" testListId="8c84fa94-04c1-424b-9868-57a2d4851a1d" />
    <TestEntry testId="c4531b11-6bdc-a75f-d1ea-a15911abc061" executionId="5da9d51c-31ba-41af-8c3d-001ca65bdd1a" testListId="8c84fa94-04c1-424b-9868-57a2d4851a1d" />
    <TestEntry testId="e09d1636-a0df-c1fe-3162-842f44a2a971" executionId="404d6c34-8a38-44c6-945c-577fffa5b0d9" testListId="8c84fa94-04c1-424b-9868-57a2d4851a1d" />
    <TestEntry testId="087f5567-547c-6742-5698-765a4e0edfcc" executionId="95337af8-3113-4c60-af7d-6d65bdd89db2" testListId="8c84fa94-04c1-424b-9868-57a2d4851a1d" />
    <TestEntry testId="dc3c36ed-8971-bd12-3ff8-a1da0a469d79" executionId="148bf117-e0f5-4114-b641-3c9d143729c8" testListId="8c84fa94-04c1-424b-9868-57a2d4851a1d" />
    <TestEntry testId="1371324d-444d-7881-b2ca-e96b9a41a602" executionId="3b0af91a-22b7-4ee7-8561-ecbd48251969" testListId="8c84fa94-04c1-424b-9868-57a2d4851a1d" />
    <TestEntry testId="b1caf14a-fcdf-9854-cae5-f4d71d734cc1" executionId="ed066caa-3f91-424b-a875-3969dac0de59" testListId="8c84fa94-04c1-424b-9868-57a2d4851a1d" />
    <TestEntry testId="306a94be-c229-3618-84d0-fe0f9fbcafb7" executionId="b902aa4a-7fca-4b47-9778-d36e77ac5481" testListId="8c84fa94-04c1-424b-9868-57a2d4851a1d" />
    <TestEntry testId="446ffbcd-b904-f1d2-bcaf-5dc8488e070f" executionId="51b0eb47-62a7-444c-923a-2f6edb3c379a" testListId="8c84fa94-04c1-424b-9868-57a2d4851a1d" />
    <TestEntry testId="5a6e50e5-402a-c587-1701-a91a632a1f7b" executionId="b63e94a2-1681-4298-b5bb-f3b0ab0de899" testListId="8c84fa94-04c1-424b-9868-57a2d4851a1d" />
    <TestEntry testId="ae718922-7883-61b4-73a4-b617b642ddcd" executionId="4733825a-e005-4a93-ba88-90dcdd31130c" testListId="8c84fa94-04c1-424b-9868-57a2d4851a1d" />
    <TestEntry testId="cc9639c6-bbee-d447-3a6a-c3fe1f0331c8" executionId="6e87c0d4-9f70-4f2c-88ad-e5895df0e612" testListId="8c84fa94-04c1-424b-9868-57a2d4851a1d" />
    <TestEntry testId="fc7b7b03-3ce5-5cd4-3708-afe07c1c3f6e" executionId="4d5f6124-6de7-44e2-b8bc-44e4915e9b02" testListId="8c84fa94-04c1-424b-9868-57a2d4851a1d" />
    <TestEntry testId="894e0fb1-f609-3f76-5931-3bc8a9b072e1" executionId="378f6960-c68f-42f7-b4e6-9c18db42c14a" testListId="8c84fa94-04c1-424b-9868-57a2d4851a1d" />
    <TestEntry testId="93e6bd84-b5a3-3ea9-e32f-c8d6eaa9e7ed" executionId="8ed86e00-c0f1-4a1e-aaf0-659e6a93163f" testListId="8c84fa94-04c1-424b-9868-57a2d4851a1d" />
  </TestEntries>
  <TestLists>
    <TestList name="Results Not in a List" id="8c84fa94-04c1-424b-9868-57a2d4851a1d" />
    <TestList name="All Loaded Results" id="19431567-8539-422a-85d7-44ee4e166bda" />
  </TestLists>
  <ResultSummary outcome="Failed">
    <Counters total="22" executed="22" passed="21" failed="1" error="0" timeout="0" aborted="0" inconclusive="0" passedButRunAborted="0" notRunnable="0" notExecuted="0" disconnected="0" warning="0" completed="0" inProgress="0" pending="0" />
    <Output>
      <StdOut>[xUnit.net 00:00:00.01] xUnit.net VSTest Adapter v3.1.3+b1b99bdeb3 (64-bit .NET Framework 4.8.9345.0)&#xD;
[xUnit.net 00:00:00.88]   Starting:    Microsoft.VisualStudio.Extensibility.Testing.Xunit.IntegrationTests&#xD;
[xUnit.net 00:01:23.08]       Assert.Equal() Failure: Strings differ&#xD;
[xUnit.net 00:01:23.08]       Expected: "CustomValue"&#xD;
[xUnit.net 00:01:23.08]       Actual:   null&#xD;
[xUnit.net 00:01:23.08]       Stack Trace:&#xD;
[xUnit.net 00:01:23.09]         src\VisualStudio\IntegrationTest\Harness\IntegrationTestsShared\IdeFactTest.cs(158,0): at Microsoft.VisualStudio.Extensibility.Testing.Xunit.IntegrationTests.IdeFactTest.TestLaunchWithCustomEnvironmentVariable()&#xD;
[xUnit.net 00:05:20.96]   Finished:    Microsoft.VisualStudio.Extensibility.Testing.Xunit.IntegrationTests&#xD;
</StdOut>
    </Output>
    <RunInfos>
      <RunInfo computerName="CPC-mwiem-JQR2A" outcome="Error" timestamp="2026-09-17T11:33:28.7299391-07:00">
        <Text>[xUnit.net 00:01:23.08]     Microsoft.VisualStudio.Extensibility.Testing.Xunit.IntegrationTests.IdeFactTest.TestLaunchWithCustomEnvironmentVariable (VS18) [FAIL]</Text>
      </RunInfo>
    </RunInfos>
  </ResultSummary>
</TestRun>